<area shape="rect" href="$a00031.html#f38325cb4a238445fadbe32d01dd0d4d" title="This function defines state 4: Button Wait State." alt="" coords="181,5,301,32">
<area shape="rect" href="$a00031.html#a7e99e80bf89549606e6fe10de83fde9" title="This function defines state 0: Default State." alt="" coords="196,56,287,83">
<area shape="rect" href="$a00031.html#89860b11fe875495bc114b044067a39d" title="This function holds down the left button if Left_holddown is TRUE." alt="" coords="169,107,313,133">
<area shape="rect" href="$a00031.html#0b07a12ced7bddabebb3979434784dd6" title="This function slows the cursor down if Slow_cursor is TRUE." alt="" coords="173,157,309,184">
<area shape="rect" href="$a00031.html#dbdce8d89d02f7a148d2b166d94eea9d" title="This function defines state 1: Movement Countdown State." alt="" coords="184,208,299,235">
<area shape="rect" href="$a00031.html#55bdc319254e6ad2b98b2b988def4718" title="This function defines state 2: Movement Press State." alt="" coords="184,259,299,285">
<area shape="rect" href="$a00031.html#e960f26d1f6df6d487075ccb69ca5b49" title="This function defines state 3: Movement Touch State." alt="" coords="184,309,299,336">
<area shape="rect" href="$a00031.html#8381dd74c2f529168d12a9c266c376f9" title="This function updates Invalue." alt="" coords="189,360,293,387">
<area shape="rect" href="$a00031.html#fdfbcc5955efa378300cbac70a9ce696" title="This function defines state 5: Scroll State." alt="" coords="199,411,284,437">
