<area shape="rect" href="$a00023.html" title="Virtual arm for impaired." alt="" coords="5,80,64,107">
<area shape="rect" href="$a00024.html" title="This file manages the Mouse task." alt="" coords="148,155,252,181">
<area shape="rect" href="$a00025.html" title="This file contains the function declarations." alt="" coords="139,80,243,107">
<area shape="rect" href="$a00037.html" title="USB Identifers." alt="" coords="648,80,771,107">
<area shape="rect" href="$a00036.html" title="USB parameters." alt="" coords="285,155,408,181">
<area shape="rect" href="$a00044.html" title="user call&#45;back functions" alt="" coords="432,155,587,181">
<area shape="rect" href="$a00038.html" title="This file manages the USB device controller." alt="" coords="795,155,923,181">
<area shape="rect" href="$a00046.html" title="Process USB device enumeration requests." alt="" coords="611,155,771,181">
<area shape="rect" href="$a00048.html" title="This file manages the USB task either device/host or both." alt="" coords="947,155,1032,181">
<area shape="rect" href="$a00032.html" title="This file contains macros needed by sensors.c, as well as prototypes for all its..." alt="" coords="267,80,344,107">
<area shape="rect" href="$a00045.html" title="Specific enumeration process requests header file." alt="" coords="419,80,573,107">
<area shape="rect" href="$a00042.html" title="This file contains the low level functions for USB KEY hardware." alt="" coords="1056,155,1136,181">
<area shape="rect" href="$a00043.html" title="This file contains the low level macros and definition for USB KEY board." alt="" coords="997,80,1077,107">
<area shape="rect" href="$a00027.html" title="This file contains the Power and clock management driver routines." alt="" coords="1101,80,1189,107">
<area shape="rect" href="$a00040.html" title="This file contains the USB driver routines." alt="" coords="1213,80,1288,107">
<area shape="rect" href="$a00015.html" title="This file contains the low level functions for the ADC." alt="" coords="1312,80,1387,107">
<area shape="rect" href="$a00050.html" title="This file contains the Watchdog low level driver definition." alt="" coords="1411,80,1485,107">
<area shape="rect" href="$a00029.html" title="This file contains the scheduler routines." alt="" coords="1509,80,1597,107">
