<area shape="rect" href="$a00021.html" title="This file contains the system configuration definition." alt="" coords="5,155,72,181">
<area shape="rect" href="$a00020.html" title="This file contains the possible external configuration of the USB." alt="" coords="287,155,369,181">
<area shape="rect" href="$a00049.html" title="This file contains the function declarations." alt="" coords="173,80,259,107">
<area shape="rect" href="$a00041.html" title="This file contains the USB low level driver definition." alt="" coords="283,80,432,107">
<area shape="rect" href="$a00037.html" title="USB Identifers." alt="" coords="27,80,149,107">
<area shape="rect" href="$a00028.html" title="This file contains the Power Management low level driver definition." alt="" coords="507,80,683,107">
<area shape="rect" href="$a00051.html" title="This file contains the Watchdog low level driver definition." alt="" coords="707,80,853,107">
<area shape="rect" href="$a00026.html" title="This file contains the low level macros and definition for the USB PLL." alt="" coords="877,80,1011,107">
<area shape="rect" href="$a00039.html" title="This file contains the function declarations for USB device task." alt="" coords="1621,80,1909,107">
