<area shape="rect" href="$a00021.html" title="This file contains the system configuration definition." alt="" coords="5,155,72,181">
<area shape="rect" href="$a00020.html" title="This file contains the possible external configuration of the USB." alt="" coords="96,155,179,181">
<area shape="rect" href="$a00039.html" title="This file contains the function declarations for USB device task." alt="" coords="585,80,713,107">
<area shape="rect" href="$a00049.html" title="This file contains the function declarations." alt="" coords="380,229,543,256">
<area shape="rect" href="$a00041.html" title="This file contains the USB low level driver definition." alt="" coords="1028,80,1177,107">
<area shape="rect" href="$a00037.html" title="USB Identifers." alt="" coords="301,80,424,107">
<area shape="rect" href="$a00047.html" title="Process USB device enumeration requests header file." alt="" coords="203,155,523,181">
<area shape="rect" href="$a00026.html" title="This file contains the low level macros and definition for the USB PLL." alt="" coords="1201,80,1335,107">
